// Jest Snapshot v1, https://goo.gl/fbAQLP

exports[`renders without crashing 1`] = `
<div
  className="container"
>
  <div
    className="home"
  >
    PDS Datahandbook
  </div>
  <div
    className="container"
  >
    <hr
      className="line"
    />
    <button
      className="button standard notify"
    >
      Approve new users
      <div
        className="notifysignal"
      >
        6
      </div>
    </button>
  </div>
  <div
    className="container"
  >
    <hr
      className="line"
    />
    <button
      className="button standard "
    >
      test menu
    </button>
  </div>
</div>
`;
