// Jest Snapshot v1, https://goo.gl/fbAQLP

exports[`renders without crashing 1`] = `
<div
  className="primary field  "
>
  <label
    className=""
    htmlFor="Test"
    style={
      Object {
        "alignSelf": "",
      }
    }
  >
    Test
  </label>
  <input
    id="Test"
    onChange={[Function]}
    type="text"
  />
</div>
`;
